gcc -g p4final.c
îº§ gdb a.out
GNU gdb (Ubuntu 8.1.1-0ubuntu1) 8.1.1
Copyright (C) 2018 Free Software Foundation, Inc.
License GPLv3+: GNU GPL version 3 or later <http://gnu.org/licenses/gpl.html>
This is free software: you are free to change and redistribute it.
There is NO WARRANTY, to the extent permitted by law.  Type "show copying"
and "show warranty" for details.
This GDB was configured as "x86_64-linux-gnu".
Type "show configuration" for configuration details.
For bug reporting instructions, please see:
<http://www.gnu.org/software/gdb/bugs/>.
Find the GDB manual and other documentation resources online at:
<http://www.gnu.org/software/gdb/documentation/>.
For help, type "help".
Type "apropos word" to search for commands related to "word"...
Reading symbols from a.out...done.
(gdb) b main
Breakpoint 1 at 0x8f6: file p4final.c, line 46.
(gdb) r
Starting program: /home/runner/IA2-Test1-Session2-5/a.out 
warning: Error disabling address space randomization: Operation not permitted

Breakpoint 1, main () at p4final.c:46
46  {
(gdb) n
48    n=input_array_size();
(gdb) s
input_array_size () at p4final.c:3
3   {
(gdb) n
5     printf("enter the array size\n");
(gdb) n
enter the array size
6     scanf("%d",&n);
(gdb) n
5
7     return n;
(gdb) n
8   }
(gdb) n
main () at p4final.c:49
49    int a[n];
(gdb) s
50    input_array(n,a);
(gdb) n
enter the composite numbers
1
2
7
8
12
51    sum=sum_composite_numbers(n,a);
(gdb) s
sum_composite_numbers (n=5, a=0x7ffcf2376d80) at p4final.c:31
31    int sum=0;
(gdb) n
32    for(int i=1; i<n; i++)
(gdb) n
34      if(is_composite(a[i]))
(gdb) n
32    for(int i=1; i<n; i++)
(gdb) n
34      if(is_composite(a[i]))
(gdb) n
36        sum=sum+a[i];
(gdb) n
32    for(int i=1; i<n; i++)
(gdb) n
34      if(is_composite(a[i]))
(gdb) n
36        sum=sum+a[i];
(gdb) n
32    for(int i=1; i<n; i++)
(gdb) n
34      if(is_composite(a[i]))
(gdb) n
36        sum=sum+a[i];
(gdb) n
32    for(int i=1; i<n; i++)
(gdb) n
39    return sum;
(gdb) n
40  }
(gdb) p sum
$1 = 27
(gdb) n
main () at p4final.c:52
52    output(sum);
(gdb) s
output (sum=27) at p4final.c:43
43    printf("sum is %d",sum);
(gdb) n
44  }
(gdb) n
main () at p4final.c:53
53    return 0;
(gdb) n
54  }(gdb) n
__libc_start_main (main=0x55ff19a008e5 <main>, argc=1, argv=0x7ffcf2376ed8, 
    init=<optimized out>, fini=<optimized out>, rtld_fini=<optimized out>, 
    stack_end=0x7ffcf2376ec8) at ../csu/libc-start.c:344
344 ../csu/libc-start.c: No such file or directory.